
=== launch 2026-10-02T02:12:00Z ===
Warning: '--strict-model-config' has been deprecated! Please use '--disable-auto-complete-config' instead.
I1002 02:12:00.616850 14380 pinned_memory_manager.cc:277] "Pinned memory pool is created at '0x7bd262000000' with size 268435456"
I1002 02:12:00.620576 14380 cuda_memory_manager.cc:107] "CUDA memory pool is created on device 0 with size 67108864"
I1002 02:12:00.629403 14380 model_lifecycle.cc:473] "loading: onnx_model_001:1"
I1002 02:12:00.629461 14380 model_lifecycle.cc:473] "loading: onnx_model_002:1"
I1002 02:12:00.629499 14380 model_lifecycle.cc:473] "loading: onnx_model_003:1"
I1002 02:12:00.629538 14380 model_lifecycle.cc:473] "loading: onnx_model_000:1"
I1002 02:12:00.629576 14380 model_lifecycle.cc:473] "loading: onnx_model_004:1"
I1002 02:12:00.629613 14380 model_lifecycle.cc:473] "loading: onnx_model_005:1"
I1002 02:12:00.629646 14380 model_lifecycle.cc:473] "loading: onnx_model_006:1"
I1002 02:12:00.629682 14380 model_lifecycle.cc:473] "loading: onnx_model_007:1"
I1002 02:12:00.629731 14380 model_lifecycle.cc:473] "loading: onnx_model_008:1"
I1002 02:12:00.629773 14380 model_lifecycle.cc:473] "loading: onnx_model_009:1"
I1002 02:12:00.631728 14380 onnxruntime.cc:2914] "TRITONBACKEND_Initialize: onnxruntime"
I1002 02:12:00.631757 14380 onnxruntime.cc:2924] "Triton TRITONBACKEND API version: 1.19"
I1002 02:12:00.631765 14380 onnxruntime.cc:2930] "'onnxruntime' TRITONBACKEND API version: 1.19"
I1002 02:12:00.631770 14380 onnxruntime.cc:2960] "backend configuration:\n{\"cmdline\":{\"auto-complete-config\":\"false\",\"backend-directory\":\"/opt/tritonserver/backends\",\"enable-global-threadpool\":\"1\",\"inter_op_thread_count\":\"1\",\"intra_op_thread_count\":\"8\",\"min-compute-capability\":\"6.000000\",\"default-max-batch-size\":\"4\"}}"
I1002 02:12:00.655792 14380 onnxruntime.cc:3025] "TRITONBACKEND_ModelInitialize: onnx_model_001 (version 1)"
I1002 02:12:00.656467 14380 onnxruntime.cc:3090] "TRITONBACKEND_ModelInstanceInitialize: onnx_model_001_0_0 (GPU device 0)"
I1002 02:12:00.659620 14380 onnxruntime.cc:3025] "TRITONBACKEND_ModelInitialize: onnx_model_002 (version 1)"
I1002 02:12:00.663200 14380 onnxruntime.cc:3025] "TRITONBACKEND_ModelInitialize: onnx_model_003 (version 1)"
I1002 02:12:00.663689 14380 onnxruntime.cc:3025] "TRITONBACKEND_ModelInitialize: onnx_model_000 (version 1)"
I1002 02:12:00.665386 14380 onnxruntime.cc:3090] "TRITONBACKEND_ModelInstanceInitialize: onnx_model_002_0_0 (GPU device 0)"
I1002 02:12:00.665419 14380 onnxruntime.cc:3090] "TRITONBACKEND_ModelInstanceInitialize: onnx_model_000_0_0 (GPU device 0)"
I1002 02:12:00.665436 14380 onnxruntime.cc:3090] "TRITONBACKEND_ModelInstanceInitialize: onnx_model_003_0_0 (GPU device 0)"
I1002 02:12:00.772132 14380 model_lifecycle.cc:849] "successfully loaded 'onnx_model_001'"
I1002 02:12:00.775439 14380 onnxruntime.cc:3025] "TRITONBACKEND_ModelInitialize: onnx_model_004 (version 1)"
I1002 02:12:00.775977 14380 onnxruntime.cc:3090] "TRITONBACKEND_ModelInstanceInitialize: onnx_model_004_0_0 (GPU device 0)"
I1002 02:12:00.779165 14380 model_lifecycle.cc:849] "successfully loaded 'onnx_model_000'"
I1002 02:12:00.782779 14380 onnxruntime.cc:3025] "TRITONBACKEND_ModelInitialize: onnx_model_005 (version 1)"
I1002 02:12:00.783179 14380 onnxruntime.cc:3090] "TRITONBACKEND_ModelInstanceInitialize: onnx_model_005_0_0 (GPU device 0)"
I1002 02:12:00.787476 14380 model_lifecycle.cc:849] "successfully loaded 'onnx_model_002'"
I1002 02:12:00.790866 14380 onnxruntime.cc:3025] "TRITONBACKEND_ModelInitialize: onnx_model_006 (version 1)"
I1002 02:12:00.791291 14380 onnxruntime.cc:3090] "TRITONBACKEND_ModelInstanceInitialize: onnx_model_006_0_0 (GPU device 0)"
I1002 02:12:00.796090 14380 model_lifecycle.cc:849] "successfully loaded 'onnx_model_003'"
I1002 02:12:00.799576 14380 onnxruntime.cc:3025] "TRITONBACKEND_ModelInitialize: onnx_model_007 (version 1)"
I1002 02:12:00.799989 14380 onnxruntime.cc:3090] "TRITONBACKEND_ModelInstanceInitialize: onnx_model_007_0_0 (GPU device 0)"
I1002 02:12:00.803587 14380 model_lifecycle.cc:849] "successfully loaded 'onnx_model_004'"
I1002 02:12:00.807538 14380 onnxruntime.cc:3025] "TRITONBACKEND_ModelInitialize: onnx_model_008 (version 1)"
I1002 02:12:00.807938 14380 onnxruntime.cc:3090] "TRITONBACKEND_ModelInstanceInitialize: onnx_model_008_0_0 (GPU device 0)"
I1002 02:12:00.810277 14380 model_lifecycle.cc:849] "successfully loaded 'onnx_model_005'"
I1002 02:12:00.813962 14380 onnxruntime.cc:3025] "TRITONBACKEND_ModelInitialize: onnx_model_009 (version 1)"
I1002 02:12:00.814336 14380 onnxruntime.cc:3090] "TRITONBACKEND_ModelInstanceInitialize: onnx_model_009_0_0 (GPU device 0)"
I1002 02:12:00.818200 14380 model_lifecycle.cc:849] "successfully loaded 'onnx_model_006'"
I1002 02:12:00.822439 14380 model_lifecycle.cc:849] "successfully loaded 'onnx_model_007'"
I1002 02:12:00.826728 14380 model_lifecycle.cc:849] "successfully loaded 'onnx_model_008'"
I1002 02:12:00.830845 14380 model_lifecycle.cc:849] "successfully loaded 'onnx_model_009'"
I1002 02:12:00.830957 14380 server.cc:611] 
+------------------+------+
| Repository Agent | Path |
+------------------+------+
+------------------+------+

I1002 02:12:00.830990 14380 server.cc:638] 
+-------------+-----------------------------------------------------------------+-------------------------------------------------------------------------------------------------------------------------------------------------------------------------------------------------------------------------------------------------------+
| Backend     | Path                                                            | Config                                                                                                                                                                                                                                                |
+-------------+-----------------------------------------------------------------+-------------------------------------------------------------------------------------------------------------------------------------------------------------------------------------------------------------------------------------------------------+
| onnxruntime | /opt/tritonserver/backends/onnxruntime/libtriton_onnxruntime.so | {"cmdline":{"auto-complete-config":"false","backend-directory":"/opt/tritonserver/backends","enable-global-threadpool":"1","inter_op_thread_count":"1","intra_op_thread_count":"8","min-compute-capability":"6.000000","default-max-batch-size":"4"}} |
+-------------+-----------------------------------------------------------------+-------------------------------------------------------------------------------------------------------------------------------------------------------------------------------------------------------------------------------------------------------+

I1002 02:12:00.831077 14380 server.cc:681] 
+----------------+---------+--------+
| Model          | Version | Status |
+----------------+---------+--------+
| onnx_model_000 | 1       | READY  |
| onnx_model_001 | 1       | READY  |
| onnx_model_002 | 1       | READY  |
| onnx_model_003 | 1       | READY  |
| onnx_model_004 | 1       | READY  |
| onnx_model_005 | 1       | READY  |
| onnx_model_006 | 1       | READY  |
| onnx_model_007 | 1       | READY  |
| onnx_model_008 | 1       | READY  |
| onnx_model_009 | 1       | READY  |
+----------------+---------+--------+

I1002 02:12:00.861423 14380 metrics.cc:890] "Collecting metrics for GPU 0: NVIDIA L4"
I1002 02:12:00.864365 14380 metrics.cc:783] "Collecting CPU metrics"
I1002 02:12:00.864483 14380 tritonserver.cc:2598] 
+----------------------------------+-----------------------------------------------------------------------------------------------------------------------------------------------------------------------------------------------------------------+
| Option                           | Value                                                                                                                                                                                                           |
+----------------------------------+-----------------------------------------------------------------------------------------------------------------------------------------------------------------------------------------------------------------+
| server_id                        | triton                                                                                                                                                                                                          |
| server_version                   | 2.59.0                                                                                                                                                                                                          |
| server_extensions                | classification sequence model_repository model_repository(unload_dependents) schedule_policy model_configuration system_shared_memory cuda_shared_memory binary_tensor_data parameters statistics trace logging |
| model_repository_path[0]         | /workspace/model_repository                                                                                                                                                                                     |
| model_control_mode               | MODE_EXPLICIT                                                                                                                                                                                                   |
| startup_models_0                 | onnx_model_000                                                                                                                                                                                                  |
| startup_models_1                 | onnx_model_001                                                                                                                                                                                                  |
| startup_models_2                 | onnx_model_002                                                                                                                                                                                                  |
| startup_models_3                 | onnx_model_003                                                                                                                                                                                                  |
| startup_models_4                 | onnx_model_004                                                                                                                                                                                                  |
| startup_models_5                 | onnx_model_005                                                                                                                                                                                                  |
| startup_models_6                 | onnx_model_006                                                                                                                                                                                                  |
| startup_models_7                 | onnx_model_007                                                                                                                                                                                                  |
| startup_models_8                 | onnx_model_008                                                                                                                                                                                                  |
| startup_models_9                 | onnx_model_009                                                                                                                                                                                                  |
| strict_model_config              | 1                                                                                                                                                                                                               |
| model_config_name                |                                                                                                                                                                                                                 |
| rate_limit                       | OFF                                                                                                                                                                                                             |
| pinned_memory_pool_byte_size     | 268435456                                                                                                                                                                                                       |
| cuda_memory_pool_byte_size{0}    | 67108864                                                                                                                                                                                                        |
| min_supported_compute_capability | 6.0                                                                                                                                                                                                             |
| strict_readiness                 | 1                                                                                                                                                                                                               |
| exit_timeout                     | 30                                                                                                                                                                                                              |
| cache_enabled                    | 0                                                                                                                                                                                                               |
+----------------------------------+-----------------------------------------------------------------------------------------------------------------------------------------------------------------------------------------------------------------+

I1002 02:12:00.867537 14380 grpc_server.cc:2562] "Started GRPCInferenceService at 0.0.0.0:8001"
I1002 02:12:00.867735 14380 http_server.cc:4832] "Started HTTPService at 0.0.0.0:8000"
I1002 02:12:00.930868 14380 http_server.cc:358] "Started Metrics Service at 0.0.0.0:8002"
Signal (15) received.
I1002 02:13:49.389012 14380 grpc_server.cc:2640] "Timeout 30: Found 3 gRPC service connections and inference handlers"
I1002 02:13:50.389121 14380 server.cc:312] "Waiting for in-flight requests to complete."
I1002 02:13:50.389175 14380 server.cc:328] "Timeout 29: Found 0 model versions that have in-flight inferences"
I1002 02:13:50.389788 14380 onnxruntime.cc:3142] "TRITONBACKEND_ModelInstanceFinalize: delete instance state"
I1002 02:13:50.389859 14380 onnxruntime.cc:3142] "TRITONBACKEND_ModelInstanceFinalize: delete instance state"
I1002 02:13:50.389998 14380 onnxruntime.cc:3142] "TRITONBACKEND_ModelInstanceFinalize: delete instance state"
I1002 02:13:50.390017 14380 onnxruntime.cc:3142] "TRITONBACKEND_ModelInstanceFinalize: delete instance state"
I1002 02:13:50.390168 14380 server.cc:343] "All models are stopped, unloading models"
I1002 02:13:50.390209 14380 server.cc:352] "Timeout 29: Found 10 live models and 0 in-flight non-inference requests"
I1002 02:13:50.390323 14380 onnxruntime.cc:3142] "TRITONBACKEND_ModelInstanceFinalize: delete instance state"
I1002 02:13:50.390373 14380 onnxruntime.cc:3142] "TRITONBACKEND_ModelInstanceFinalize: delete instance state"
I1002 02:13:50.390420 14380 onnxruntime.cc:3142] "TRITONBACKEND_ModelInstanceFinalize: delete instance state"
I1002 02:13:50.390620 14380 onnxruntime.cc:3142] "TRITONBACKEND_ModelInstanceFinalize: delete instance state"
I1002 02:13:50.390666 14380 onnxruntime.cc:3142] "TRITONBACKEND_ModelInstanceFinalize: delete instance state"
I1002 02:13:50.390708 14380 onnxruntime.cc:3142] "TRITONBACKEND_ModelInstanceFinalize: delete instance state"
I1002 02:13:50.393858 14380 onnxruntime.cc:3066] "TRITONBACKEND_ModelFinalize: delete model state"
I1002 02:13:50.393902 14380 model_lifecycle.cc:636] "successfully unloaded 'onnx_model_002' version 1"
I1002 02:13:50.394186 14380 onnxruntime.cc:3066] "TRITONBACKEND_ModelFinalize: delete model state"
I1002 02:13:50.394218 14380 model_lifecycle.cc:636] "successfully unloaded 'onnx_model_004' version 1"
I1002 02:13:50.394347 14380 onnxruntime.cc:3066] "TRITONBACKEND_ModelFinalize: delete model state"
I1002 02:13:50.394378 14380 model_lifecycle.cc:636] "successfully unloaded 'onnx_model_003' version 1"
I1002 02:13:50.395390 14380 onnxruntime.cc:3066] "TRITONBACKEND_ModelFinalize: delete model state"
I1002 02:13:50.395426 14380 model_lifecycle.cc:636] "successfully unloaded 'onnx_model_005' version 1"
I1002 02:13:50.396587 14380 onnxruntime.cc:3066] "TRITONBACKEND_ModelFinalize: delete model state"
I1002 02:13:50.396621 14380 model_lifecycle.cc:636] "successfully unloaded 'onnx_model_009' version 1"
I1002 02:13:50.396635 14380 onnxruntime.cc:3066] "TRITONBACKEND_ModelFinalize: delete model state"
I1002 02:13:50.396672 14380 model_lifecycle.cc:636] "successfully unloaded 'onnx_model_001' version 1"
I1002 02:13:50.396756 14380 onnxruntime.cc:3066] "TRITONBACKEND_ModelFinalize: delete model state"
I1002 02:13:50.396784 14380 model_lifecycle.cc:636] "successfully unloaded 'onnx_model_000' version 1"
I1002 02:13:50.396831 14380 onnxruntime.cc:3066] "TRITONBACKEND_ModelFinalize: delete model state"
I1002 02:13:50.396838 14380 onnxruntime.cc:3066] "TRITONBACKEND_ModelFinalize: delete model state"
I1002 02:13:50.396874 14380 model_lifecycle.cc:636] "successfully unloaded 'onnx_model_008' version 1"
I1002 02:13:50.396886 14380 model_lifecycle.cc:636] "successfully unloaded 'onnx_model_006' version 1"
I1002 02:13:50.398026 14380 onnxruntime.cc:3066] "TRITONBACKEND_ModelFinalize: delete model state"
I1002 02:13:50.398062 14380 model_lifecycle.cc:636] "successfully unloaded 'onnx_model_007' version 1"
I1002 02:13:51.390333 14380 server.cc:352] "Timeout 28: Found 0 live models and 0 in-flight non-inference requests"
