
=== launch 2026-10-02T02:17:38Z ===
Warning: '--strict-model-config' has been deprecated! Please use '--disable-auto-complete-config' instead.
I1002 02:17:39.014831 15476 pinned_memory_manager.cc:277] "Pinned memory pool is created at '0x7f2e04000000' with size 268435456"
I1002 02:17:39.017028 15476 cuda_memory_manager.cc:107] "CUDA memory pool is created on device 0 with size 67108864"
I1002 02:17:39.021652 15476 model_lifecycle.cc:473] "loading: onnx_model_000:1"
I1002 02:17:39.023940 15476 onnxruntime.cc:2914] "TRITONBACKEND_Initialize: onnxruntime"
I1002 02:17:39.023964 15476 onnxruntime.cc:2924] "Triton TRITONBACKEND API version: 1.19"
I1002 02:17:39.023971 15476 onnxruntime.cc:2930] "'onnxruntime' TRITONBACKEND API version: 1.19"
I1002 02:17:39.023977 15476 onnxruntime.cc:2960] "backend configuration:\n{\"cmdline\":{\"auto-complete-config\":\"false\",\"backend-directory\":\"/opt/tritonserver/backends\",\"enable-global-threadpool\":\"1\",\"inter_op_thread_count\":\"1\",\"intra_op_thread_count\":\"8\",\"min-compute-capability\":\"6.000000\",\"default-max-batch-size\":\"4\"}}"
I1002 02:17:39.046645 15476 onnxruntime.cc:3025] "TRITONBACKEND_ModelInitialize: onnx_model_000 (version 1)"
I1002 02:17:39.047429 15476 onnxruntime.cc:3090] "TRITONBACKEND_ModelInstanceInitialize: onnx_model_000_0_0 (GPU device 0)"
I1002 02:17:39.161943 15476 model_lifecycle.cc:849] "successfully loaded 'onnx_model_000'"
I1002 02:17:39.162033 15476 server.cc:611] 
+------------------+------+
| Repository Agent | Path |
+------------------+------+
+------------------+------+

I1002 02:17:39.162064 15476 server.cc:638] 
+-------------+-----------------------------------------------------------------+-------------------------------------------------------------------------------------------------------------------------------------------------------------------------------------------------------------------------------------------------------+
| Backend     | Path                                                            | Config                                                                                                                                                                                                                                                |
+-------------+-----------------------------------------------------------------+-------------------------------------------------------------------------------------------------------------------------------------------------------------------------------------------------------------------------------------------------------+
| onnxruntime | /opt/tritonserver/backends/onnxruntime/libtriton_onnxruntime.so | {"cmdline":{"auto-complete-config":"false","backend-directory":"/opt/tritonserver/backends","enable-global-threadpool":"1","inter_op_thread_count":"1","intra_op_thread_count":"8","min-compute-capability":"6.000000","default-max-batch-size":"4"}} |
+-------------+-----------------------------------------------------------------+-------------------------------------------------------------------------------------------------------------------------------------------------------------------------------------------------------------------------------------------------------+

I1002 02:17:39.162107 15476 server.cc:681] 
+----------------+---------+--------+
| Model          | Version | Status |
+----------------+---------+--------+
| onnx_model_000 | 1       | READY  |
+----------------+---------+--------+

I1002 02:17:39.191172 15476 metrics.cc:890] "Collecting metrics for GPU 0: NVIDIA L4"
I1002 02:17:39.193975 15476 metrics.cc:783] "Collecting CPU metrics"
I1002 02:17:39.194082 15476 tritonserver.cc:2598] 
+----------------------------------+-----------------------------------------------------------------------------------------------------------------------------------------------------------------------------------------------------------------+
| Option                           | Value                                                                                                                                                                                                           |
+----------------------------------+-----------------------------------------------------------------------------------------------------------------------------------------------------------------------------------------------------------------+
| server_id                        | triton                                                                                                                                                                                                          |
| server_version                   | 2.59.0                                                                                                                                                                                                          |
| server_extensions                | classification sequence model_repository model_repository(unload_dependents) schedule_policy model_configuration system_shared_memory cuda_shared_memory binary_tensor_data parameters statistics trace logging |
| model_repository_path[0]         | /workspace/model_repository                                                                                                                                                                                     |
| model_control_mode               | MODE_EXPLICIT                                                                                                                                                                                                   |
| startup_models_0                 | onnx_model_000                                                                                                                                                                                                  |
| strict_model_config              | 1                                                                                                                                                                                                               |
| model_config_name                |                                                                                                                                                                                                                 |
| rate_limit                       | OFF                                                                                                                                                                                                             |
| pinned_memory_pool_byte_size     | 268435456                                                                                                                                                                                                       |
| cuda_memory_pool_byte_size{0}    | 67108864                                                                                                                                                                                                        |
| min_supported_compute_capability | 6.0                                                                                                                                                                                                             |
| strict_readiness                 | 1                                                                                                                                                                                                               |
| exit_timeout                     | 30                                                                                                                                                                                                              |
| cache_enabled                    | 0                                                                                                                                                                                                               |
+----------------------------------+-----------------------------------------------------------------------------------------------------------------------------------------------------------------------------------------------------------------+

I1002 02:17:39.197306 15476 grpc_server.cc:2562] "Started GRPCInferenceService at 0.0.0.0:8001"
I1002 02:17:39.197504 15476 http_server.cc:4832] "Started HTTPService at 0.0.0.0:8000"
I1002 02:17:39.258811 15476 http_server.cc:358] "Started Metrics Service at 0.0.0.0:8002"
Signal (15) received.
I1002 02:19:27.774203 15476 grpc_server.cc:2640] "Timeout 30: Found 3 gRPC service connections and inference handlers"
I1002 02:19:28.774347 15476 server.cc:312] "Waiting for in-flight requests to complete."
I1002 02:19:28.774394 15476 server.cc:328] "Timeout 29: Found 0 model versions that have in-flight inferences"
I1002 02:19:28.774557 15476 server.cc:343] "All models are stopped, unloading models"
I1002 02:19:28.774575 15476 server.cc:352] "Timeout 29: Found 1 live models and 0 in-flight non-inference requests"
I1002 02:19:28.774898 15476 onnxruntime.cc:3142] "TRITONBACKEND_ModelInstanceFinalize: delete instance state"
I1002 02:19:28.777004 15476 onnxruntime.cc:3066] "TRITONBACKEND_ModelFinalize: delete model state"
I1002 02:19:28.777045 15476 model_lifecycle.cc:636] "successfully unloaded 'onnx_model_000' version 1"
I1002 02:19:29.774689 15476 server.cc:352] "Timeout 28: Found 0 live models and 0 in-flight non-inference requests"
